Global frequency set at 1000000000000 ticks per second
HomeNodeFull constructed with name: system.home_node0
consumer ptr=0x55e45595a808
      0: system.chi_bridges0.cache_side: Cache2ChiBridge constructed
HomeNodeFull constructed with name: system.home_node1
consumer ptr=0x55e45595d908
      0: system.chi_bridges1.cache_side: Cache2ChiBridge constructed
HomeNodeFull constructed with name: system.home_node2
consumer ptr=0x55e455f98108
      0: system.chi_bridges2.cache_side: Cache2ChiBridge constructed
HomeNodeFull constructed with name: system.home_node3
consumer ptr=0x55e455f98808
      0: system.chi_bridges3.cache_side: Cache2ChiBridge constructed
Dispatch Grouping: No_OpClass 
Dispatch Grouping: IntAlu 
Dispatch Grouping: IntBr IntJp 
Dispatch Grouping: IntMult 
Dispatch Grouping: IntDiv Int2Fp 
Dispatch Grouping: StoreData 
Dispatch Grouping: FloatAdd FloatMult FloatMultAcc 
Dispatch Grouping: FloatDiv FloatSqrt 
Dispatch Grouping: FloatCmp FloatCvt FloatMv FloatMisc 
Dispatch Grouping: IprAccess InstPrefetch 
Dispatch Grouping: MemRead FloatMemRead VectorUnitStrideLoad VectorSegUnitStrideLoad VectorUnitStrideMaskLoad VectorSegUnitStrideMaskLoad VectorStridedLoad VectorSegStridedLoad VectorIndexedLoad VectorSegIndexedLoad VectorUnitStrideFaultOnlyFirstLoad VectorWholeRegisterLoad 
Dispatch Grouping: MemWrite FloatMemWrite MemAtomic VectorUnitStrideStore VectorSegUnitStrideStore VectorUnitStrideMaskStore VectorStridedStore VectorIndexedStore VectorWholeRegisterStore 
Dispatch Grouping: VectorIntegerArith VectorFloatArith VectorFloatConvert VectorIntegerReduce VectorFloatReduce VectorMisc VectorIntegerExtension VectorConfig 
      0: system.chi_bridges0: getPort(cache_side)
      0: system.chi_bridges0: getPort(chi_side)
HomeNodeFull get rxport
      0: system.chi_bridges0: getPort(mem_side)
      0: system.chi_bridges1: getPort(cache_side)
      0: system.chi_bridges1: getPort(chi_side)
HomeNodeFull get rxport
      0: system.chi_bridges1: getPort(mem_side)
      0: system.chi_bridges2: getPort(cache_side)
      0: system.chi_bridges2: getPort(chi_side)
HomeNodeFull get rxport
      0: system.chi_bridges2: getPort(mem_side)
      0: system.chi_bridges3: getPort(cache_side)
      0: system.chi_bridges3: getPort(chi_side)
HomeNodeFull get rxport
      0: system.chi_bridges3: getPort(mem_side)
HomeNodeFull get rxport
      0: system.chi_bridges0: getPort(chi_side)
HomeNodeFull get rxport
      0: system.chi_bridges1: getPort(chi_side)
HomeNodeFull get rxport
      0: system.chi_bridges2: getPort(chi_side)
HomeNodeFull get rxport
      0: system.chi_bridges3: getPort(chi_side)
      0: system.chi_bridges0: getPort(cache_side)
      0: system.chi_bridges1: getPort(cache_side)
      0: system.chi_bridges2: getPort(cache_side)
      0: system.chi_bridges3: getPort(cache_side)
      0: system.chi_bridges0: getPort(mem_side)
      0: system.chi_bridges1: getPort(mem_side)
      0: system.chi_bridges2: getPort(mem_side)
      0: system.chi_bridges3: getPort(mem_side)
      0: system.chi_bridges0: Got range change from memory side
      0: system.chi_bridges1: Got range change from memory side
      0: system.chi_bridges2: Got range change from memory side
      0: system.chi_bridges3: Got range change from memory side
gem5 Simulator System.  https://www.gem5.org
gem5 is copyrighted software; use the --copyright option for details.

gem5 version [DEVELOP-FOR-22.1]
gem5 compiled Apr  2 2026 20:57:44
gem5 started Apr  2 2026 21:03:32
gem5 executing on MPcouple, pid 28583
command line: ../../build/RISCV/gem5.opt --debug-flags=Cache2ChiBridge,HomeLinkLayer kmhv2_helloworld.py --raw-cpt --generic-rv-cpt=/home/makenma/project/xs-gem5/nexus-am/apps/coremark/build/coremark-riscv64-xs.bin --mem-type=DDR4_2400_8x8

False
False
L2 cache is False
[<m5.params.AddrRange object at 0x7f53c6da3550>]
Simulating single core without RVV, demanding GCPT restorer size of 0x700.
Using raw bbl /home/makenma/project/xs-gem5/nexus-am/apps/coremark/build/coremark-riscv64-xs.bin
loop predictor and loop buffer not supported for DecoupledBPUWithBTB
Attach 1 decoders to thread with addr: <orphan System>.cpu.decoder
Create threads for test sys cpu (XiangshanCore)
create_prefetcher at l2: PrefetcherForwarder
create_prefetcher at l2: PrefetcherForwarder
create_prefetcher at l2: PrefetcherForwarder
create_prefetcher at l2: PrefetcherForwarder
create_prefetcher at l2_wrapper: L2CompositeWithWorkerPrefetcher
create_prefetcher at l3: WorkerPrefetcher
create_prefetcher at l1i: None
create_prefetcher at l1d: XSCompositePrefetcher
Finish memory system configuration
No switch cpu_class provided
Registering probe listeners for BaseO3CPU system.cpu
Registering probe listeners for Prefetcher system.cpu.dcache.prefetcher
system.cpu.dcache.prefetcher addTLB system.cpu.mmu.dtb
system.cpu.dcache.prefetcher addHintDownStream system.l2_wrappers.prefetcher
Registering probe listeners for Prefetcher system.cpu.dcache.prefetcher.berti
Registering probe listeners for Prefetcher system.cpu.dcache.prefetcher.bop_large
Registering probe listeners for Prefetcher system.cpu.dcache.prefetcher.bop_learned
Registering probe listeners for Prefetcher system.cpu.dcache.prefetcher.bop_small
Registering probe listeners for Prefetcher system.cpu.dcache.prefetcher.cmc
Registering probe listeners for Prefetcher system.cpu.dcache.prefetcher.ipcp
Registering probe listeners for Prefetcher system.cpu.dcache.prefetcher.opt
Registering probe listeners for Prefetcher system.cpu.dcache.prefetcher.spp
Registering probe listeners for Prefetcher system.cpu.dcache.prefetcher.sstride
Registering probe listeners for Prefetcher system.cpu.dcache.prefetcher.xsstream
Registering inner cache accessors for L2CacheWrapper system.l2_wrappers
Registering probe listeners for Prefetcher system.l2_wrappers.prefetcher
system.l2_wrappers.prefetcher addTLB system.cpu.mmu.dtb
system.l2_wrappers.prefetcher addHintDownStream system.l3.prefetcher
Registering probe listeners for Prefetcher system.l2_wrappers.prefetcher.bop_large
Registering probe listeners for Prefetcher system.l2_wrappers.prefetcher.bop_small
Registering probe listeners for Prefetcher system.l2_wrappers.prefetcher.cdp
Registering probe listeners for Prefetcher system.l2_wrappers.prefetcher.cmc
Registering probe listeners for Prefetcher system.l2_wrappers.prefetcher.despacito_stream
Registering inner cache accessor for L2CacheSlice system.l2_wrappers.slices0
Registering probe listeners for Prefetcher system.l2_wrappers.slices0.inner_cache.prefetcher
system.l2_wrappers.slices0.inner_cache.prefetcher addTLB system.cpu.mmu.dtb
Registering inner cache accessor for L2CacheSlice system.l2_wrappers.slices1
Registering probe listeners for Prefetcher system.l2_wrappers.slices1.inner_cache.prefetcher
system.l2_wrappers.slices1.inner_cache.prefetcher addTLB system.cpu.mmu.dtb
Registering inner cache accessor for L2CacheSlice system.l2_wrappers.slices2
Registering probe listeners for Prefetcher system.l2_wrappers.slices2.inner_cache.prefetcher
system.l2_wrappers.slices2.inner_cache.prefetcher addTLB system.cpu.mmu.dtb
Registering inner cache accessor for L2CacheSlice system.l2_wrappers.slices3
Registering probe listeners for Prefetcher system.l2_wrappers.slices3.inner_cache.prefetcher
system.l2_wrappers.slices3.inner_cache.prefetcher addTLB system.cpu.mmu.dtb
Registering probe listeners for Prefetcher system.l3.prefetcher
**** REAL SIMULATION ****
   2997: system.chi_bridges0: cacheRecvTimingReq: cmd=ReadSharedReq addr=0x80000000 size=64
   3330: system.chi_bridges0: Converted read packet to CHI req: addr=0x80000000, size=64
   3330: system.chi_bridges0: bridge enqueue: chiPort=0x55e455959778
HomeNodeFull wakeup called
   3330: global: HomeLinklayer wakeup!!!
   3330: global: home wakeup: rxport=0x55e45595ab10
   3330: global: got flit on channel 0
   3330: global: advancePipeline: type=N4gem53Chi6RawReqE stage=0 funcs.size=4
   3330: global: dispatching stage 0
   3330: global: HomeLinklayer get req!!!
   3330: system.chi_bridges1: cacheRecvTimingReq: cmd=ReadSharedReq addr=0x80000040 size=64
   3663: system.chi_bridges1: Converted read packet to CHI req: addr=0x80000040, size=64
   3663: system.chi_bridges1: bridge enqueue: chiPort=0x55e455959178
HomeNodeFull wakeup called
   3663: global: HomeLinklayer wakeup!!!
   3663: global: home wakeup: rxport=0x55e45595dc10
   3663: global: got flit on channel 0
   3663: global: advancePipeline: type=N4gem53Chi6RawReqE stage=0 funcs.size=4
   3663: global: dispatching stage 0
   3663: global: HomeLinklayer get req!!!
HomeNodeFull wakeup called
   3663: global: HomeLinklayer wakeup!!!
   3663: global: home wakeup: rxport=0x55e45595ab10
HomeNodeFull wakeup called
   3996: global: HomeLinklayer wakeup!!!
   3996: global: home wakeup: rxport=0x55e45595dc10
