scons: Reading SConscript files ...
Mkdir("/home/makenma/project/xs-gem5/GEM5/build/RISCV/gem5.build")
Checking for linker -Wl,--as-needed support... (cached) yes
Checking for linker -fuse-ld=gold support... (cached) yes
Checking for linker -Wl,--threads support... (cached) yes
Checking for linker -Wl,--thread-count=32 support... (cached) yes
Checking for compiler -Wno-free-nonheap-object support... (cached) yes
Checking for compiler -gz support... (cached) yes
Checking for linker -gz support... (cached) yes
Info: Using Python config: python3-config
Checking for C header file Python.h... (cached) yes
Checking Python version... (cached) 3.10.12
Checking for accept(0,0,0) in C++ library None... (cached) yes
Checking for zlibVersion() in C++ library z... (cached) yes
Checking for ZSTD_isError(0) in C++ library zstd... (cached) yes
Checking for C library tcmalloc... (cached) yes
Building in /home/makenma/project/xs-gem5/GEM5/build/RISCV
Using saved variables file(s) /home/makenma/project/xs-gem5/GEM5/build/RISCV/gem5.build/variables
Checking for shm_open("/test", 0, 0) in C library None... (cached) yes
Checking for C header file linux/if_tun.h... (cached) yes
Checking for C header file linux/kvm.h... (cached) yes
Checking for timer_create(CLOCK_MONOTONIC, NULL, NULL) in C library None... (cached) yes
Checking size of struct kvm_xsave ... (cached) yes
Checking for member exclude_host in struct perf_event_attr...(cached) yes
Checking for C header file fenv.h... (cached) yes
Checking for C header file png.h... (cached) yes
Checking for clock_nanosleep(0,0,NULL,NULL) in C library None... (cached) yes
Checking for C header file valgrind/valgrind.h... (cached) no
Checking for pkg-config package hdf5-serial... (cached) yes
Checking for H5Fcreate("", 0, 0, 0) in C library hdf5... (cached) yes
Checking for H5::H5File("", 0) in C++ library hdf5_cpp... (cached) yes
Checking for pkg-config package protobuf... (cached) yes
Checking for char temp; backtrace_symbols_fd((void *)&temp, 0, 0) in C library None... (cached) no
Checking for char temp; backtrace_symbols_fd((void *)&temp, 0, 0) in C library execinfo... (cached) no
Warning: No suitable back trace implementation found.
Checking whether __i386__ is declared... (cached) no
Checking whether __x86_64__ is declared... (cached) yes
Checking for compiler -Wno-self-assign-overloaded support... (cached) yes
Checking for compiler -Wno-free-nonheap-object support... (cached) yes
scons: done reading SConscript files.
scons: Building targets ...
 [     CXX] RISCV/mem/cache/CHI/Cache2ChiBridge.cc -> .o
 [VER TAGS]  -> RISCV/sim/tags.cc
scons: building terminated because of errors.
*** Summary of Warnings ***
Warning: No suitable back trace implementation found.
